../Drivers/CMSIS/Include/core_cm4.h:1667:26:__NVIC_GetPriorityGrouping	4	static
../Drivers/CMSIS/Include/core_cm4.h:1679:22:__NVIC_EnableIRQ	16	static,ignoring_inline_asm
../Drivers/CMSIS/Include/core_cm4.h:1809:22:__NVIC_SetPriority	16	static
../Drivers/CMSIS/Include/core_cm4.h:1856:26:NVIC_EncodePriority	40	static
../Drivers/STM32G4xx_HAL_Driver/Inc/stm32g4xx_ll_lpuart.h:495:22:LL_LPUART_Enable	16	static
../Drivers/STM32G4xx_HAL_Driver/Inc/stm32g4xx_ll_lpuart.h:547:22:LL_LPUART_DisableFIFO	16	static
../Drivers/STM32G4xx_HAL_Driver/Inc/stm32g4xx_ll_lpuart.h:576:22:LL_LPUART_SetTXFIFOThreshold	40	static,ignoring_inline_asm
../Drivers/STM32G4xx_HAL_Driver/Inc/stm32g4xx_ll_lpuart.h:611:22:LL_LPUART_SetRXFIFOThreshold	40	static,ignoring_inline_asm
../Drivers/STM32G4xx_HAL_Driver/Inc/stm32g4xx_ll_lpuart.h:1760:26:LL_LPUART_IsActiveFlag_TEACK	16	static
../Drivers/STM32G4xx_HAL_Driver/Inc/stm32g4xx_ll_lpuart.h:1771:26:LL_LPUART_IsActiveFlag_REACK	16	static
../Drivers/STM32G4xx_HAL_Driver/Inc/stm32g4xx_ll_bus.h:451:22:LL_AHB2_GRP1_EnableClock	24	static
../Drivers/STM32G4xx_HAL_Driver/Inc/stm32g4xx_ll_bus.h:935:22:LL_APB1_GRP2_EnableClock	24	static
../Drivers/STM32G4xx_HAL_Driver/Inc/stm32g4xx_ll_dma.h:628:22:LL_DMA_SetDataTransferDirection	32	static
../Drivers/STM32G4xx_HAL_Driver/Inc/stm32g4xx_ll_dma.h:683:22:LL_DMA_SetMode	32	static
../Drivers/STM32G4xx_HAL_Driver/Inc/stm32g4xx_ll_dma.h:734:22:LL_DMA_SetPeriphIncMode	32	static
../Drivers/STM32G4xx_HAL_Driver/Inc/stm32g4xx_ll_dma.h:785:22:LL_DMA_SetMemoryIncMode	32	static
../Drivers/STM32G4xx_HAL_Driver/Inc/stm32g4xx_ll_dma.h:837:22:LL_DMA_SetPeriphSize	32	static
../Drivers/STM32G4xx_HAL_Driver/Inc/stm32g4xx_ll_dma.h:890:22:LL_DMA_SetMemorySize	32	static
../Drivers/STM32G4xx_HAL_Driver/Inc/stm32g4xx_ll_dma.h:944:22:LL_DMA_SetChannelPriorityLevel	32	static
../Drivers/STM32G4xx_HAL_Driver/Inc/stm32g4xx_ll_dma.h:1406:22:LL_DMA_SetPeriphRequest	32	static
../Core/Src/main.c:79:5:main	40	static
../Core/Src/main.c:163:6:SystemClock_Config	88	static
../Core/Src/main.c:210:13:MX_I2C1_Init	8	static
../Core/Src/main.c:258:13:MX_LPUART1_UART_Init	128	static
../Core/Src/main.c:362:13:MX_TIM8_Init	128	static
../Core/Src/main.c:463:13:MX_UCPD1_Init	32	static
../Core/Src/main.c:542:13:MX_DMA_Init	16	static
../Core/Src/main.c:567:13:MX_GPIO_Init	48	static
../Core/Src/main.c:610:6:StartDefaultTask	16	static
../Core/Src/main.c:642:6:Error_Handler	4	static,ignoring_inline_asm
