../Core/Src/stm32g4xx_it.c:74:6:NMI_Handler	4	static
../Core/Src/stm32g4xx_it.c:89:6:HardFault_Handler	4	static
../Core/Src/stm32g4xx_it.c:104:6:MemManage_Handler	4	static
../Core/Src/stm32g4xx_it.c:119:6:BusFault_Handler	4	static
../Core/Src/stm32g4xx_it.c:134:6:UsageFault_Handler	4	static
../Core/Src/stm32g4xx_it.c:149:6:DebugMon_Handler	4	static
../Core/Src/stm32g4xx_it.c:162:6:SysTick_Handler	8	static
../Core/Src/stm32g4xx_it.c:193:6:DMA1_Channel1_IRQHandler	8	static
../Core/Src/stm32g4xx_it.c:207:6:DMA1_Channel2_IRQHandler	4	static
../Core/Src/stm32g4xx_it.c:221:6:DMA1_Channel4_IRQHandler	4	static
../Core/Src/stm32g4xx_it.c:235:6:UCPD1_IRQHandler	8	static
../Core/Src/stm32g4xx_it.c:250:6:LPUART1_IRQHandler	8	static
