  3674667  <- SOP   EPR_Mode Enter 10
  3674667  -> SOP   GoodCRC
  3674668  NOTIFY EPRMODE_INIT
  3674668  DEBUG ADVICE: USBPD_DPM_Notification:116
  3674669  PE_STATE sop=173 
  3674669  PE_STATE sop=172 
  3674669  -> SOP   EPR_Mode Enter_Acknowledged 0
  3674671  <- SOP   GoodCRC
  3674673  PE_STATE sop=173 
  3674673  PE_STATE sop=5 
  3674673  -> SOP'  Vendor_Defined svid 0xff00 cmd 1 REQ
  3674675  <- SOP'  GoodCRC
  3674677  <- SOP'  Vendor_Defined svid 0xff00 cmd 1 ACK
  3674677  -> SOP'  GoodCRC
  3674678  PE_STATE sop=154 
  3674678  NOTIFY VDM_IDENTIFY_RECEIVED
  3674678  DEBUG ADVICE: USBPD_DPM_Notification:81
  3674680  PE_STATE sop=174 
  3674680  -> SOP   EPR_Mode Enter_Succeeded 0
  3674682  <- SOP   GoodCRC
  3674682  PE_STATE sop=7 
  3674684  DEBUG INIT CHUNK
  3674684  DEBUG SEND CHUNK(0)
  3674684  -> SOP   EPR_Source_Capabilities #1 5V/0.5A, #2 9V/0.5A, #3 15V/0.5A
  3674687  <- SOP   GoodCRC
  3674687  DEBUG WAIT_CHUNK_REQUEST
  3674687  <- SOP   EPR_Source_Capabilities
  3674687  -> SOP   GoodCRC
  3674688  DEBUG WAIT_CHUNK_REQUEST
  3674688  DEBUG SEND CHUNK(x)
  3674688  -> SOP   EPR_Source_Capabilities
  3674690  <- SOP   GoodCRC
  3674690  NOTIFY SRCCAP_SENT
  3674690  DEBUG ADVICE: USBPD_DPM_Notification:15
  3674690  PE_STATE sop=22 
  3674712  <- SOP   EPR_Request pos 3 500 mA EPR
  3674712  -> SOP   GoodCRC
  3674712  PE_STATE sop=9 
  3674713  -> SOP   Accept
  3674715  <- SOP   GoodCRC
  3674715  PE_STATE sop=12 
  3674744  NOTIFY POWER_STATE_CHANGE
  3674744  DEBUG ADVICE: USBPD_DPM_Notification:90
  3674748  PE_STATE sop=13 
  3674750  -> SOP   PS_RDY
  3674752  <- SOP   GoodCRC
  3674752  NOTIFY POWER_STATE_CHANGE
  3674752  DEBUG ADVICE: USBPD_DPM_Notification:90
  3674752  NOTIFY POWER_EXPLICIT_CONTRACT
  3674752  PE_STATE sop=3 
  3674753  NOTIFY STATE_SRC_READY
  3674753  DEBUG ADVICE: USBPD_DPM_Notification:103
  3674753  PE_STATE sop=4 
  3675127  <- SOP   Extended_Control EPR_KeepAlive
  3675127  -> SOP   GoodCRC
  3675128  PE_STATE sop=97 
  3675128  DEBUG INIT CHUNK
  3675128  DEBUG SEND UNCHUNK
  3675128  -> SOP   Extended_Control EPR_KeepAlive_Ack
  3675130  <- SOP   GoodCRC
  3675130  PE_STATE sop=3 
  3675132  NOTIFY STATE_SRC_READY
  3675132  DEBUG ADVICE: USBPD_DPM_Notification:103
  3675132  PE_STATE sop=4 
  3675505  <- SOP   Extended_Control EPR_KeepAlive
  3675505  -> SOP   GoodCRC
  3675506  PE_STATE sop=97 
  3675506  DEBUG INIT CHUNK
  3675506  DEBUG SEND UNCHUNK
  3675506  -> SOP   Extended_Control EPR_KeepAlive_Ack
  3675508  <- SOP   GoodCRC
  3675508  PE_STATE sop=3 
  3675510  NOTIFY STATE_SRC_READY
  3675510  DEBUG ADVICE: USBPD_DPM_Notification:103
  3675510  PE_STATE sop=4 
  3675883  <- SOP   Extended_Control EPR_KeepAlive
  3675883  -> SOP   GoodCRC
  3675884  PE_STATE sop=97 
  3675884  DEBUG INIT CHUNK
  3675884  DEBUG SEND UNCHUNK
  3675884  -> SOP   Extended_Control EPR_KeepAlive_Ack
  3675886  <- SOP   GoodCRC
  3675886  PE_STATE sop=3 
  3675888  NOTIFY STATE_SRC_READY
  3675888  DEBUG ADVICE: USBPD_DPM_Notification:103
  3675888  PE_STATE sop=4 
  3676261  <- SOP   Extended_Control EPR_KeepAlive
  3676261  -> SOP   GoodCRC
  3676262  PE_STATE sop=97 
  3676262  DEBUG INIT CHUNK
  3676262  DEBUG SEND UNCHUNK
  3676262  -> SOP   Extended_Control EPR_KeepAlive_Ack
  3676264  <- SOP   GoodCRC
  3676264  PE_STATE sop=3 
  3676266  NOTIFY STATE_SRC_READY
  3676266  DEBUG ADVICE: USBPD_DPM_Notification:103
  3676266  PE_STATE sop=4 
  3676639  <- SOP   Extended_Control EPR_KeepAlive
  3676639  -> SOP   GoodCRC
  3676640  PE_STATE sop=97 
  3676640  DEBUG INIT CHUNK
  3676640  DEBUG SEND UNCHUNK
  3676640  -> SOP   Extended_Control EPR_KeepAlive_Ack
  3676642  <- SOP   GoodCRC
  3676642  PE_STATE sop=3 
  3676644  NOTIFY STATE_SRC_READY
  3676644  DEBUG ADVICE: USBPD_DPM_Notification:103
  3676644  PE_STATE sop=4 
  3677017  <- SOP   Extended_Control EPR_KeepAlive
  3677017  -> SOP   GoodCRC
  3677018  PE_STATE sop=97 
  3677018  DEBUG INIT CHUNK
  3677018  DEBUG SEND UNCHUNK
  3677018  -> SOP   Extended_Control EPR_KeepAlive_Ack
  3677020  <- SOP   GoodCRC
  3677020  PE_STATE sop=3 
  3677022  NOTIFY STATE_SRC_READY
  3677022  DEBUG ADVICE: USBPD_DPM_Notification:103
  3677022  PE_STATE sop=4 
  3677395  <- SOP   Extended_Control EPR_KeepAlive
  3677395  -> SOP   GoodCRC
  3677396  PE_STATE sop=97 
  3677396  DEBUG INIT CHUNK
  3677396  DEBUG SEND UNCHUNK
  3677396  -> SOP   Extended_Control EPR_KeepAlive_Ack
  3677398  <- SOP   GoodCRC
  3677398  PE_STATE sop=3 
  3677400  NOTIFY STATE_SRC_READY
  3677400  DEBUG ADVICE: USBPD_DPM_Notification:103
  3677400  PE_STATE sop=4 
  3677773  <- SOP   Extended_Control EPR_KeepAlive
  3677773  -> SOP   GoodCRC
  3677774  PE_STATE sop=97 
  3677774  DEBUG INIT CHUNK
  3677774  DEBUG SEND UNCHUNK
  3677774  -> SOP   Extended_Control EPR_KeepAlive_Ack
  3677776  <- SOP   GoodCRC
  3677776  PE_STATE sop=3 
  3677778  NOTIFY STATE_SRC_READY
  3677778  DEBUG ADVICE: USBPD_DPM_Notification:103
  3677778  PE_STATE sop=4 
  3678151  <- SOP   Extended_Control EPR_KeepAlive
  3678151  -> SOP   GoodCRC
  3678152  PE_STATE sop=97 
  3678152  DEBUG INIT CHUNK
  3678152  DEBUG SEND UNCHUNK
  3678152  -> SOP   Extended_Control EPR_KeepAlive_Ack
  3678154  <- SOP   GoodCRC
  3678154  PE_STATE sop=3 
  3678156  NOTIFY STATE_SRC_READY
  3678156  DEBUG ADVICE: USBPD_DPM_Notification:103
  3678156  PE_STATE sop=4 
  3678529  <- SOP   Extended_Control EPR_KeepAlive
  3678529  -> SOP   GoodCRC
  3678530  PE_STATE sop=97 
  3678530  DEBUG INIT CHUNK
  3678530  DEBUG SEND UNCHUNK
  3678530  -> SOP   Extended_Control EPR_KeepAlive_Ack
  3678532  <- SOP   GoodCRC
  3678532  PE_STATE sop=3 
  3678534  NOTIFY STATE_SRC_READY
  3678534  DEBUG ADVICE: USBPD_DPM_Notification:103
  3678534  PE_STATE sop=4 
  3678907  <- SOP   Extended_Control EPR_KeepAlive
  3678907  -> SOP   GoodCRC
  3678908  PE_STATE sop=97 
  3678908  DEBUG INIT CHUNK
  3678908  DEBUG SEND UNCHUNK
  3678908  -> SOP   Extended_Control EPR_KeepAlive_Ack
  3678910  <- SOP   GoodCRC
  3678910  PE_STATE sop=3 
  3678912  NOTIFY STATE_SRC_READY
  3678912  DEBUG ADVICE: USBPD_DPM_Notification:103
  3678912  PE_STATE sop=4 
