../Drivers/CMSIS/Include/core_cm4.h:1933:34:__NVIC_SystemReset	4	static,ignoring_inline_asm
../USBPD/usbpd_dpm_user.c:161:21:USBPD_DPM_UserInit	8	static
../USBPD/usbpd_dpm_user.c:181:6:USBPD_DPM_SetNotification_GUI	24	static
../USBPD/usbpd_dpm_user.c:193:6:USBPD_DPM_WaitForTime	16	static
../USBPD/usbpd_dpm_user.c:204:6:USBPD_DPM_UserExecute	16	static
../USBPD/usbpd_dpm_user.c:220:6:USBPD_DPM_UserCableDetection	16	static
../USBPD/usbpd_dpm_user.c:299:6:USBPD_DPM_UserTimerCounter	16	static
../USBPD/usbpd_dpm_user.c:320:6:USBPD_DPM_Notification	80	static
../USBPD/usbpd_dpm_user.c:377:6:USBPD_DPM_HardReset	16	static
../USBPD/usbpd_dpm_user.c:408:21:USBPD_DPM_SetupNewPower	16	static
../USBPD/usbpd_dpm_user.c:423:6:USBPD_DPM_GetDataInfo	32	static
../USBPD/usbpd_dpm_user.c:468:6:USBPD_DPM_SetDataInfo	48	static
../USBPD/usbpd_dpm_user.c:535:21:USBPD_DPM_EvaluateRequest	32	static
../USBPD/usbpd_dpm_user.c:579:21:USBPD_DPM_EvaluateVconnSwap	24	static
../USBPD/usbpd_dpm_user.c:598:21:USBPD_DPM_PE_VconnPwr	16	static
../USBPD/usbpd_dpm_user.c:616:6:USBPD_DPM_ExtendedMessageReceived	16	static
../USBPD/usbpd_dpm_user.c:628:6:USBPD_DPM_EnterErrorRecovery	16	static
../USBPD/usbpd_dpm_user.c:645:21:USBPD_DPM_EvaluateDataRoleSwap	24	static
../USBPD/usbpd_dpm_user.c:675:23:USBPD_DPM_IsPowerReady	16	static
../USBPD/usbpd_dpm_user.c:695:21:USBPD_DPM_RequestHardReset	80	static
../USBPD/usbpd_dpm_user.c:709:21:USBPD_DPM_RequestCableReset	80	static
../USBPD/usbpd_dpm_user.c:721:21:USBPD_DPM_RequestGotoMin	80	static
../USBPD/usbpd_dpm_user.c:735:21:USBPD_DPM_RequestPing	80	static
../USBPD/usbpd_dpm_user.c:749:21:USBPD_DPM_RequestMessageRequest	80	static
../USBPD/usbpd_dpm_user.c:766:21:USBPD_DPM_RequestGetSourceCapability	80	static
../USBPD/usbpd_dpm_user.c:778:21:USBPD_DPM_RequestGetSinkCapability	80	static
../USBPD/usbpd_dpm_user.c:790:21:USBPD_DPM_RequestDataRoleSwap	80	static
../USBPD/usbpd_dpm_user.c:802:21:USBPD_DPM_RequestPowerRoleSwap	80	static
../USBPD/usbpd_dpm_user.c:813:21:USBPD_DPM_RequestVconnSwap	80	static
../USBPD/usbpd_dpm_user.c:826:21:USBPD_DPM_RequestSoftReset	80	static
../USBPD/usbpd_dpm_user.c:838:21:USBPD_DPM_RequestSourceCapability	80	static
../USBPD/usbpd_dpm_user.c:852:21:USBPD_DPM_RequestVDM_DiscoveryIdentify	80	static
../USBPD/usbpd_dpm_user.c:871:21:USBPD_DPM_RequestVDM_DiscoverySVID	80	static
../USBPD/usbpd_dpm_user.c:885:21:USBPD_DPM_RequestVDM_DiscoveryMode	80	static
../USBPD/usbpd_dpm_user.c:900:21:USBPD_DPM_RequestVDM_EnterMode	88	static
../USBPD/usbpd_dpm_user.c:915:21:USBPD_DPM_RequestVDM_ExitMode	88	static
../USBPD/usbpd_dpm_user.c:930:21:USBPD_DPM_RequestDisplayPortStatus	80	static
../USBPD/usbpd_dpm_user.c:948:21:USBPD_DPM_RequestDisplayPortConfig	80	static
../USBPD/usbpd_dpm_user.c:966:21:USBPD_DPM_RequestAttention	80	static
../USBPD/usbpd_dpm_user.c:979:21:USBPD_DPM_RequestAlert	80	static
../USBPD/usbpd_dpm_user.c:991:21:USBPD_DPM_RequestGetSourceCapabilityExt	80	static
../USBPD/usbpd_dpm_user.c:1003:21:USBPD_DPM_RequestGetSinkCapabilityExt	80	static
../USBPD/usbpd_dpm_user.c:1016:21:USBPD_DPM_RequestGetManufacturerInfo	80	static
../USBPD/usbpd_dpm_user.c:1032:21:USBPD_DPM_RequestGetPPS_Status	80	static
../USBPD/usbpd_dpm_user.c:1044:21:USBPD_DPM_RequestGetStatus	80	static
../USBPD/usbpd_dpm_user.c:1056:21:USBPD_DPM_RequestFastRoleSwap	80	static
../USBPD/usbpd_dpm_user.c:1068:21:USBPD_DPM_RequestGetCountryCodes	80	static
../USBPD/usbpd_dpm_user.c:1081:21:USBPD_DPM_RequestGetCountryInfo	80	static
../USBPD/usbpd_dpm_user.c:1094:21:USBPD_DPM_RequestGetBatteryCapability	80	static
../USBPD/usbpd_dpm_user.c:1107:21:USBPD_DPM_RequestGetBatteryStatus	80	static
../USBPD/usbpd_dpm_user.c:1119:21:USBPD_DPM_RequestSecurityRequest	80	static
../USBPD/usbpd_dpm_user.c:1141:28:DPM_TurnOffPower	24	static
../USBPD/usbpd_dpm_user.c:1154:28:DPM_TurnOnPower	24	static
