../USBPD/usbpd_dpm_core.c:127:21:USBPD_DPM_InitCore	16	static
../USBPD/usbpd_dpm_core.c:216:21:USBPD_DPM_InitOS	8	static
../USBPD/usbpd_dpm_core.c:255:6:USBPD_DPM_Run	8	static
../USBPD/usbpd_dpm_core.c:267:6:USBPD_DPM_TimerCounter	8	static
../USBPD/usbpd_dpm_core.c:292:13:USBPD_PE_TaskWakeUp	16	static
../USBPD/usbpd_dpm_core.c:306:13:USBPD_DPM_CADTaskWakeUp	8	static
../USBPD/usbpd_dpm_core.c:322:6:USBPD_PE_Task	40	static
../USBPD/usbpd_dpm_core.c:378:6:USBPD_CAD_Task	40	static
../USBPD/usbpd_dpm_core.c:401:6:USBPD_DPM_CADCallback	32	static
../USBPD/usbpd_dpm_core.c:462:13:DPM_ManageAttachedState	24	static
